ku\cs\services\Writer\AdminCsvWriter.class
ku\cs\controllers\LoginController.class
ku\cs\services\DataSource.class
ku\cs\controllers\UserManageController.class
ku\cs\controllers\ReportedUserController.class
ku\cs\controllers\UserManageController$1.class
ku\cs\services\Reader\ReportedUserCsvReader.class
ku\cs\models\UserList.class
ku\cs\services\Reader\ProductTypeCsvReader.class
ku\cs\controllers\AddProductController.class
ku\cs\controllers\HomeController.class
ku\cs\controllers\ProfileController.class
ku\cs\controllers\ReportedUserController$1.class
ku\cs\services\Transitional.class
sample\Main.class
com\github\saacsos\FXRouter$RouteScene.class
ku\cs\models\CheckoutList.class
ku\cs\models\User.class
ku\cs\services\Reader\AdminCsvReader.class
ku\cs\controllers\CheckoutController.class
ku\cs\models\Product.class
ku\cs\services\Reader\UserCsvReader.class
ku\cs\services\CsvReader.class
sample\controllers\SecondPageController.class
ku\cs\controllers\ProfileController$1.class
sample\controllers\FirstPageController.class
ku\cs\App.class
ku\cs\controllers\CreatorsController.class
ku\cs\services\Writer\ReportedUserCsvWriter.class
ku\cs\services\Reader\ProductCsvReader.class
sample\controllers\ThirdPageController.class
ku\cs\services\Writer\ProductCsvWriter.class
ku\cs\controllers\CheckoutController$1.class
ku\cs\controllers\EditProductController.class
ku\cs\services\Writer\UserCsvWriter.class
ku\cs\controllers\IntroductionController.class
ku\cs\controllers\UserStoreController$1.class
ku\cs\services\MapSetOfIntroduction.class
ku\cs\models\ProductsList.class
ku\cs\models\ProductTypeList.class
ku\cs\models\AdminList.class
ku\cs\controllers\OpenShopController.class
com\github\saacsos\FXRouter.class
ku\cs\controllers\payController.class
module-info.class
ku\cs\controllers\RegisterController.class
ku\cs\controllers\ProductTypeController.class
ku\cs\models\Admin.class
com\github\saacsos\FXRouter$1.class
ku\cs\controllers\UserStoreController.class
ku\cs\controllers\ResetPasswordController.class
ku\cs\controllers\StoreController.class
ku\cs\services\CsvWriter.class
ku\cs\services\Writer\ProductTypeCsvWriter.class
ku\cs\controllers\StoreController$1.class
ku\cs\controllers\AdminController.class
