D:\project-641-patthai_hunger\src\main\java\ku\cs\models\Admin.java
D:\project-641-patthai_hunger\src\main\java\ku\cs\models\ProductsList.java
D:\project-641-patthai_hunger\src\main\java\ku\cs\controllers\EditProductController.java
D:\project-641-patthai_hunger\src\main\java\ku\cs\com\github\saacsos\fxrouter-1.0.0\src\main\java\sample\controllers\ThirdPageController.java
D:\project-641-patthai_hunger\src\main\java\ku\cs\models\User.java
D:\project-641-patthai_hunger\src\main\java\ku\cs\services\Writer\ProductTypeCsvWriter.java
D:\project-641-patthai_hunger\src\main\java\ku\cs\services\CsvWriter.java
D:\project-641-patthai_hunger\src\main\java\ku\cs\controllers\ReportedUserController.java
D:\project-641-patthai_hunger\src\main\java\ku\cs\models\ProductTypeList.java
D:\project-641-patthai_hunger\src\main\java\module-info.java
D:\project-641-patthai_hunger\src\main\java\ku\cs\com\github\saacsos\fxrouter-1.0.0\src\main\java\sample\controllers\FirstPageController.java
D:\project-641-patthai_hunger\src\main\java\ku\cs\controllers\HomeController.java
D:\project-641-patthai_hunger\src\main\java\ku\cs\controllers\ProductTypeController.java
D:\project-641-patthai_hunger\src\main\java\ku\cs\com\github\saacsos\fxrouter-1.0.0\src\main\java\sample\Main.java
D:\project-641-patthai_hunger\src\main\java\ku\cs\services\Reader\ProductTypeCsvReader.java
D:\project-641-patthai_hunger\src\main\java\ku\cs\controllers\UserManageController.java
D:\project-641-patthai_hunger\src\main\java\ku\cs\models\Product.java
D:\project-641-patthai_hunger\src\main\java\ku\cs\controllers\OpenShopController.java
D:\project-641-patthai_hunger\src\main\java\ku\cs\controllers\CheckoutController.java
D:\project-641-patthai_hunger\src\main\java\ku\cs\services\Reader\AdminCsvReader.java
D:\project-641-patthai_hunger\src\main\java\ku\cs\services\Reader\ProductCsvReader.java
D:\project-641-patthai_hunger\src\main\java\ku\cs\com\github\saacsos\fxrouter-1.0.0\src\main\java\com\github\saacsos\FXRouter.java
D:\project-641-patthai_hunger\src\main\java\ku\cs\services\MapSetOfIntroduction.java
D:\project-641-patthai_hunger\src\main\java\ku\cs\services\Writer\AdminCsvWriter.java
D:\project-641-patthai_hunger\src\main\java\ku\cs\controllers\CreatorsController.java
D:\project-641-patthai_hunger\src\main\java\ku\cs\services\Reader\UserCsvReader.java
D:\project-641-patthai_hunger\src\main\java\ku\cs\controllers\RegisterController.java
D:\project-641-patthai_hunger\src\main\java\ku\cs\models\AdminList.java
D:\project-641-patthai_hunger\src\main\java\ku\cs\services\Writer\UserCsvWriter.java
D:\project-641-patthai_hunger\src\main\java\ku\cs\services\Writer\ReportedUserCsvWriter.java
D:\project-641-patthai_hunger\src\main\java\ku\cs\services\Reader\ReportedUserCsvReader.java
D:\project-641-patthai_hunger\src\main\java\ku\cs\controllers\ProfileController.java
D:\project-641-patthai_hunger\src\main\java\ku\cs\models\UserList.java
D:\project-641-patthai_hunger\src\main\java\ku\cs\services\DataSource.java
D:\project-641-patthai_hunger\src\main\java\ku\cs\services\CsvReader.java
D:\project-641-patthai_hunger\src\main\java\ku\cs\controllers\payController.java
D:\project-641-patthai_hunger\src\main\java\ku\cs\controllers\LoginController.java
D:\project-641-patthai_hunger\src\main\java\ku\cs\controllers\ResetPasswordController.java
D:\project-641-patthai_hunger\src\main\java\ku\cs\controllers\StoreController.java
D:\project-641-patthai_hunger\src\main\java\ku\cs\controllers\AdminController.java
D:\project-641-patthai_hunger\src\main\java\ku\cs\com\github\saacsos\fxrouter-1.0.0\src\main\java\sample\controllers\SecondPageController.java
D:\project-641-patthai_hunger\src\main\java\ku\cs\services\Transitional.java
D:\project-641-patthai_hunger\src\main\java\ku\cs\services\Writer\ProductCsvWriter.java
D:\project-641-patthai_hunger\src\main\java\ku\cs\App.java
D:\project-641-patthai_hunger\src\main\java\ku\cs\controllers\UserStoreController.java
D:\project-641-patthai_hunger\src\main\java\ku\cs\models\CheckoutList.java
D:\project-641-patthai_hunger\src\main\java\ku\cs\controllers\IntroductionController.java
D:\project-641-patthai_hunger\src\main\java\ku\cs\controllers\AddProductController.java
